// Bun Snapshot v1, https://goo.gl/fbAQLP

exports[`snapshot 1`] = `
{
  "a": 1,
  "b": 2,
}
`;
